../Core/Src/main.c:141:5:_write	24	static
../Core/Src/main.c:146:6:configureTimerForRunTimeStats	8	static
../Core/Src/main.c:152:15:getRunTimeCounterValue	4	static
../Core/Src/main.c:164:5:main	48	static
../Core/Src/main.c:255:6:SystemClock_Config	96	static
../Core/Src/main.c:317:6:PeriphCommonClock_Config	144	static
../Core/Src/main.c:344:13:MX_DFSDM1_Init	8	static
../Core/Src/main.c:382:13:MX_I2C2_Init	8	static
../Core/Src/main.c:430:13:MX_QUADSPI_Init	8	static
../Core/Src/main.c:463:13:MX_RNG_Init	8	static
../Core/Src/main.c:489:13:MX_RTC_Init	8	static
../Core/Src/main.c:525:13:MX_SPI3_Init	8	static
../Core/Src/main.c:565:13:MX_TIM6_Init	24	static
../Core/Src/main.c:603:13:MX_TIM7_Init	24	static
../Core/Src/main.c:641:13:MX_USART1_UART_Init	8	static
../Core/Src/main.c:676:13:MX_USART3_UART_Init	8	static
../Core/Src/main.c:711:13:MX_USB_OTG_FS_PCD_Init	8	static
../Core/Src/main.c:746:13:MX_GPIO_Init	48	static
../Core/Src/main.c:936:6:Led_SetState	16	static
../Core/Src/main.c:953:6:Led_Blink	24	static
../Core/Src/main.c:983:6:SPI3_IRQHandler	8	static
../Core/Src/main.c:994:5:network_rd	32	static
../Core/Src/main.c:1016:5:network_wr	32	static
../Core/Src/main.c:1039:6:StartDefaultTask	16	static
../Core/Src/main.c:1058:6:HAL_TIM_PeriodElapsedCallback	16	static
../Core/Src/main.c:1085:6:Error_Handler	4	static,ignoring_inline_asm
